C:\Users\endze\Documents\lifeboard\Lifeboard\src\main\java\com\lifeboard\dao\GoalDAO.java
C:\Users\endze\Documents\lifeboard\Lifeboard\src\main\java\com\lifeboard\dao\GroceryDAO.java
C:\Users\endze\Documents\lifeboard\Lifeboard\src\main\java\com\lifeboard\dao\HabitDAO.java
C:\Users\endze\Documents\lifeboard\Lifeboard\src\main\java\com\lifeboard\dao\JournalDAO.java
C:\Users\endze\Documents\lifeboard\Lifeboard\src\main\java\com\lifeboard\dao\MealPlanDAO.java
C:\Users\endze\Documents\lifeboard\Lifeboard\src\main\java\com\lifeboard\dao\TaskDAO.java
C:\Users\endze\Documents\lifeboard\Lifeboard\src\main\java\com\lifeboard\dao\TransactionDAO.java
C:\Users\endze\Documents\lifeboard\Lifeboard\src\main\java\com\lifeboard\db\Database.java
C:\Users\endze\Documents\lifeboard\Lifeboard\src\main\java\com\lifeboard\Launcher.java
C:\Users\endze\Documents\lifeboard\Lifeboard\src\main\java\com\lifeboard\Main.java
C:\Users\endze\Documents\lifeboard\Lifeboard\src\main\java\com\lifeboard\model\Goal.java
C:\Users\endze\Documents\lifeboard\Lifeboard\src\main\java\com\lifeboard\model\GroceryItem.java
C:\Users\endze\Documents\lifeboard\Lifeboard\src\main\java\com\lifeboard\model\Habit.java
C:\Users\endze\Documents\lifeboard\Lifeboard\src\main\java\com\lifeboard\model\JournalEntry.java
C:\Users\endze\Documents\lifeboard\Lifeboard\src\main\java\com\lifeboard\model\MealEntry.java
C:\Users\endze\Documents\lifeboard\Lifeboard\src\main\java\com\lifeboard\model\Task.java
C:\Users\endze\Documents\lifeboard\Lifeboard\src\main\java\com\lifeboard\model\Transaction.java
C:\Users\endze\Documents\lifeboard\Lifeboard\src\main\java\com\lifeboard\ui\BudgetView.java
C:\Users\endze\Documents\lifeboard\Lifeboard\src\main\java\com\lifeboard\ui\DashboardView.java
C:\Users\endze\Documents\lifeboard\Lifeboard\src\main\java\com\lifeboard\ui\GoalsView.java
C:\Users\endze\Documents\lifeboard\Lifeboard\src\main\java\com\lifeboard\ui\HabitsView.java
C:\Users\endze\Documents\lifeboard\Lifeboard\src\main\java\com\lifeboard\ui\JournalView.java
C:\Users\endze\Documents\lifeboard\Lifeboard\src\main\java\com\lifeboard\ui\MainLayout.java
C:\Users\endze\Documents\lifeboard\Lifeboard\src\main\java\com\lifeboard\ui\MealPlannerView.java
C:\Users\endze\Documents\lifeboard\Lifeboard\src\main\java\com\lifeboard\ui\TasksView.java
C:\Users\endze\Documents\lifeboard\Lifeboard\src\main\java\com\lifeboard\ui\WeeklyReviewView.java
C:\Users\endze\Documents\lifeboard\Lifeboard\src\main\java\com\lifeboard\util\WeeklyReviewExporter.java
